// Jest Snapshot v1, https://goo.gl/fbAQLP

exports[`<Main /> should be render children 1`] = `
.c0 {
  display: -webkit-box;
  display: -webkit-flex;
  display: -ms-flexbox;
  display: flex;
  -webkit-align-items: center;
  -webkit-box-align: center;
  -ms-flex-align: center;
  align-items: center;
  -webkit-box-pack: center;
  -webkit-justify-content: center;
  -ms-flex-pack: center;
  justify-content: center;
  width: 100%;
  height: 100vh;
  background: linear-gradient(#6698CB,#69B4C9);
}

<main
  class="c0"
  data-testid="bg-image"
>
  <p>
    testing
  </p>
</main>
`;
